// Jest Snapshot v1, https://goo.gl/fbAQLP

exports[`ForgotPassword component should match the ForgotPassword snapshot 1`] = `
<div
  className="bkg-image"
>
  <img
    className="logo-img"
    src={
      Object {
        "process": [Function],
      }
    }
  />
  <div
    className="col s12 container forgot-password"
  >
    <div
      className="input-field col s6 offset-s3"
    >
      <i
        className="material-icons prefix"
      >
        email
      </i>
      <input
        className="validate"
        id="email"
        name="email"
        onChange={[Function]}
        required={true}
        type="text"
        value=""
      />
      <label
        className="active"
        htmlFor="credential"
      >
        Type in your email address so we can send you instructions to reset your password
      </label>
    </div>
    <div
      className="input-field col s6 offset-s3"
    >
      <button
        className="btn waves-effect waves-light col s6 offset-s3"
        id="submit-forgotPassword"
        name="action"
        onClick={[Function]}
      >
        Send
        <i
          className="material-icons right"
        >
          send
        </i>
      </button>
    </div>
  </div>
</div>
`;
