// Jest Snapshot v1, https://goo.gl/fbAQLP

exports[`Hompeage component should match the PageNotFound component snapshot 1`] = `
<div
  className="bkg-image"
>
  <h4
    className="white-text"
  >
     Error 404: Page Not Found 
  </h4>
</div>
`;
