// Jest Snapshot v1, https://goo.gl/fbAQLP

exports[`ResetPassword component should match the ResetPassword snapshot 1`] = `
<div
  className="bkg-image"
>
  <img
    className="logo-img"
    src={
      Object {
        "process": [Function],
      }
    }
  />
  <div
    className="col s12 container forgot-password"
  >
    <div
      className="input-field col s6 offset-s3"
    >
      <i
        className="material-icons prefix"
      >
        lock
      </i>
      <input
        className="validate"
        id="password"
        name="password"
        onChange={[Function]}
        required={true}
        type="password"
        value=""
      />
      <label
        className="active"
        htmlFor="password"
      >
        password
      </label>
    </div>
    <div
      className="input-field col s6 offset-s3"
    >
      <i
        className="material-icons prefix"
      >
        lock
      </i>
      <input
        className="validate"
        id="confirmPassword"
        name="confirmPassword"
        onChange={[Function]}
        required={true}
        type="password"
        value=""
      />
      <label
        className="active"
        htmlFor="confirmPassword"
      >
        confirm password
      </label>
    </div>
    <div
      className="input-field col s6 offset-s3"
    >
      <button
        className="btn waves-effect waves-light col s6 offset-s3"
        id="resetPassword"
        name="action"
        onClick={[Function]}
      >
        Reset Password
        <i
          className="material-icons right"
        >
          send
        </i>
      </button>
    </div>
  </div>
</div>
`;
