// Jest Snapshot v1, https://goo.gl/fbAQLP

exports[`List Idea component should match the Idea List Snapshot 1`] = `
<div
  className="grid-item card hoverable"
>
  <div
    className="card-content"
  >
    <span
      className="card-title activator grey-text text-darken-4"
    >
      <i
        className="material-icons right"
      >
        more_vert
      </i>
    </span>
    <p>
       By: 
       
    </p>
    <p
      className="right"
    />
    <div
      className="category-text"
    />
    <p>
      access type: 
    </p>
  </div>
  <div
    className="card-action"
  >
    <ul
      className="card-icons"
    >
      <li>
        <Link
          replace={false}
          to="/dashboard/edit/undefined"
        >
          <i
            className="tiny material-icons icon-btn tooltipped"
            data-delay="50"
            data-position="bottom"
            data-tooltip="edit"
          >
            edit
          </i>
        </Link>
      </li>
      <li>
        <a
          onClick={[Function]}
        >
          <i
            className="tiny material-icons icon-btn tooltipped delete-btn"
            data-delay="50"
            data-position="bottom"
            data-tooltip="delete"
          >
            delete
          </i>
        </a>
      </li>
    </ul>
  </div>
  <div
    className="card-reveal"
  >
    <span
      className="card-title grey-text text-darken-4"
    >
      <i
        className="material-icons right"
      >
        close
      </i>
    </span>
    <p
      className="truncate"
      dangerouslySetInnerHTML={
        Object {
          "__html": undefined,
        }
      }
    />
  </div>
</div>
`;
